ENUMERATE [l: 1, c: 1]->[l: 1, c: 10]
ID [l: 1, c: 11]->[l: 1, c: 16]
AS [l: 1, c: 17]->[l: 1, c: 19]
ID [l: 1, c: 20]->[l: 1, c: 24]
LBRACE [l: 1, c: 25]->[l: 1, c: 26]
RBRACE [l: 3, c: 1]->[l: 3, c: 2]
WITH [l: 5, c: 1]->[l: 5, c: 5]
ID [l: 5, c: 6]->[l: 5, c: 16]
AS [l: 5, c: 17]->[l: 5, c: 19]
ID [l: 5, c: 20]->[l: 5, c: 30]
LBRACE [l: 5, c: 31]->[l: 5, c: 32]
RBRACE [l: 7, c: 1]->[l: 7, c: 2]
ENUMERABLE [l: 9, c: 1]->[l: 9, c: 11]
LARROW [l: 9, c: 11]->[l: 9, c: 12]
STRING [l: 9, c: 12]->[l: 9, c: 18]
RARROW [l: 9, c: 18]->[l: 9, c: 19]
ID [l: 9, c: 20]->[l: 9, c: 26]
ASSIGN [l: 9, c: 27]->[l: 9, c: 28]
LBRACKET [l: 9, c: 29]->[l: 9, c: 30]
RBRACKET [l: 9, c: 30]->[l: 9, c: 31]
SEMICOLON [l: 9, c: 31]->[l: 9, c: 32]
MAP [l: 10, c: 1]->[l: 10, c: 4]
LARROW [l: 10, c: 4]->[l: 10, c: 5]
NUMBER [l: 10, c: 5]->[l: 10, c: 11]
RARROW [l: 10, c: 11]->[l: 10, c: 12]
ID [l: 10, c: 13]->[l: 10, c: 18]
SEMICOLON [l: 10, c: 18]->[l: 10, c: 19]
EOF
