[35m   debug [39m[vm] assignvalue Location<s:i> NumberReference<1.000000>
[35m   debug [39m[vm] Location<s:i> <- NumberReference<1.000000>
[35m   debug [39m[vm] Skipping uncalled function body: BEGINFN<Location<f:NEXT_ID>, TypeReference<Primitive<NUMBER>>>, pc: 6
[35m   debug [39m[vm] call0 Location<f:NEXT_ID>
[35m   debug [39m[vm] ensureType: TypeReference<Primitive<NUMBER>>
[35m   debug [39m[vm] load inline function: NEXT_ID (#params: 0) (returns: TypeReference<Primitive<NUMBER>>)
[35m   debug [39m[vm] ensureFunction: FunctionReference<InlineFunction<f:NEXT_ID, rt: Primitive<NUMBER>>>
[35m   debug [39m[vm] inline call: InlineFunctionCall<f:NEXT_ID> (pc: 1)
[35m   debug [39m[vm] next instruction for inline call: SCOPEOF<Location<l:i>>
[35m   debug [39m[vm] scopeof Location<l:i>
[35m   debug [39m[vm] assignvalue Location<l:i> Location<s:i>
[35m   debug [39m[vm] Location<l:i> <- NumberReference<1.000000>
[35m   debug [39m[vm] assigneval Location<s:i> PLUS<Location<s:i>, NumberReference<1.000000>>
[35m   debug [39m[vm] plus Location<s:i> NumberReference<1.000000>
[35m   debug [39m[vm] ensureNumber: NumberReference<1.000000>
[35m   debug [39m[vm] ensureNumber: NumberReference<1.000000>
[35m   debug [39m[vm] Location<s:i> <- NumberReference<2.000000>
[35m   debug [39m[vm] return1 Location<l:i>
[35m   debug [39m[vm] assigneval Location<l:test> CALL0<Location<f:NEXT_ID>>
[35m   debug [39m[vm] assignEval: got call0 or call1
[35m   debug [39m[vm] assignEval: jumping to call
[35m   debug [39m[vm] call0 Location<f:NEXT_ID>
[35m   debug [39m[vm] ensureType: TypeReference<Primitive<NUMBER>>
[35m   debug [39m[vm] load inline function: NEXT_ID (#params: 0) (returns: TypeReference<Primitive<NUMBER>>)
[35m   debug [39m[vm] ensureFunction: FunctionReference<InlineFunction<f:NEXT_ID, rt: Primitive<NUMBER>>>
[35m   debug [39m[vm] inline call: InlineFunctionCall<f:NEXT_ID> (pc: 1)
[35m   debug [39m[vm] next instruction for inline call: SCOPEOF<Location<l:i>>
[35m   debug [39m[vm] scopeof Location<l:i>
[35m   debug [39m[vm] assignvalue Location<l:i> Location<s:i>
[35m   debug [39m[vm] Location<l:i> <- NumberReference<2.000000>
[35m   debug [39m[vm] assigneval Location<s:i> PLUS<Location<s:i>, NumberReference<1.000000>>
[35m   debug [39m[vm] plus Location<s:i> NumberReference<1.000000>
[35m   debug [39m[vm] ensureNumber: NumberReference<2.000000>
[35m   debug [39m[vm] ensureNumber: NumberReference<1.000000>
[35m   debug [39m[vm] Location<s:i> <- NumberReference<3.000000>
[35m   debug [39m[vm] return1 Location<l:i>
[35m   debug [39m[vm] assigneval Location<l:test> CALL0<Location<f:NEXT_ID>>
[35m   debug [39m[vm] assignEval: got call0 or call1
[35m   debug [39m[vm] assignEval: jumped from return
[35m   debug [39m[vm] Location<l:test> <- NumberReference<2.000000>
