[0m┌────────────────────────────────────────────────────────────────────┐
│                        Serialize SVI -> SBI                        │
└────────────────────────────────────────────────────────────────────┘
[0m┌────────────────────────────────────────────────────────────────────┐
│                          Interpreted SBI                           │
└────────────────────────────────────────────────────────────────────┘
[0m[32m success [39m[0m[main] Test passed: 044_binary
