{
    "astNodeName": "ProgramNode",
    "body": [
        {
            "astNodeName": "VariableDeclarationNode",
            "identifier": {
                "astNodeName": "IdentifierNode",
                "name": "e1",
                "position": {
                    "endCol": 22,
                    "endLine": 2,
                    "startCol": 20,
                    "startLine": 2
                },
                "symbol": {
                    "declaredAt": {
                        "endCol": 37,
                        "endLine": 2,
                        "startCol": 1,
                        "startLine": 2
                    },
                    "isPrologue": false,
                    "kind": 0,
                    "name": "e1",
                    "type": {
                        "concrete": {
                            "shared": false,
                            "valueType": 0
                        },
                        "shared": false,
                        "valueType": 3
                    },
                    "uuid": "d-guid-11"
                }
            },
            "position": {
                "endCol": 37,
                "endLine": 2,
                "startCol": 1,
                "startLine": 2
            },
            "typeNode": {
                "astNodeName": "EnumerableTypeNode",
                "position": {
                    "endCol": 19,
                    "endLine": 2,
                    "startCol": 1,
                    "startLine": 2
                },
                "type": {
                    "concrete": {
                        "shared": false,
                        "valueType": 0
                    },
                    "shared": false,
                    "valueType": 3
                }
            },
            "value": {
                "actuals": [],
                "astNodeName": "EnumerationLiteralExpressionNode",
                "position": {
                    "endCol": 37,
                    "endLine": 2,
                    "startCol": 25,
                    "startLine": 2
                }
            }
        },
        {
            "astNodeName": "VariableDeclarationNode",
            "identifier": {
                "astNodeName": "IdentifierNode",
                "name": "e2",
                "position": {
                    "endCol": 20,
                    "endLine": 3,
                    "startCol": 18,
                    "startLine": 3
                },
                "symbol": {
                    "declaredAt": {
                        "endCol": 36,
                        "endLine": 3,
                        "startCol": 1,
                        "startLine": 3
                    },
                    "isPrologue": false,
                    "kind": 0,
                    "name": "e2",
                    "type": {
                        "concrete": {
                            "shared": false,
                            "valueType": 2
                        },
                        "shared": false,
                        "valueType": 3
                    },
                    "uuid": "d-guid-12"
                }
            },
            "position": {
                "endCol": 36,
                "endLine": 3,
                "startCol": 1,
                "startLine": 3
            },
            "typeNode": {
                "astNodeName": "EnumerableTypeNode",
                "position": {
                    "endCol": 17,
                    "endLine": 3,
                    "startCol": 1,
                    "startLine": 3
                },
                "type": {
                    "concrete": {
                        "shared": false,
                        "valueType": 2
                    },
                    "shared": false,
                    "valueType": 3
                }
            },
            "value": {
                "actuals": [
                    {
                        "astNodeName": "BooleanLiteralExpressionNode",
                        "position": {
                            "endCol": 28,
                            "endLine": 3,
                            "startCol": 24,
                            "startLine": 3
                        },
                        "value": true
                    },
                    {
                        "astNodeName": "BooleanLiteralExpressionNode",
                        "position": {
                            "endCol": 35,
                            "endLine": 3,
                            "startCol": 30,
                            "startLine": 3
                        },
                        "value": false
                    }
                ],
                "astNodeName": "EnumerationLiteralExpressionNode",
                "position": {
                    "endCol": 36,
                    "endLine": 3,
                    "startCol": 23,
                    "startLine": 3
                }
            }
        },
        {
            "astNodeName": "VariableDeclarationNode",
            "identifier": {
                "astNodeName": "IdentifierNode",
                "name": "m1",
                "position": {
                    "endCol": 15,
                    "endLine": 4,
                    "startCol": 13,
                    "startLine": 4
                },
                "symbol": {
                    "declaredAt": {
                        "endCol": 50,
                        "endLine": 4,
                        "startCol": 1,
                        "startLine": 4
                    },
                    "isPrologue": false,
                    "kind": 0,
                    "name": "m1",
                    "type": {
                        "concrete": {
                            "shared": false,
                            "valueType": 0
                        },
                        "shared": false,
                        "valueType": 4
                    },
                    "uuid": "d-guid-13"
                }
            },
            "position": {
                "endCol": 50,
                "endLine": 4,
                "startCol": 1,
                "startLine": 4
            },
            "typeNode": {
                "astNodeName": "MapTypeNode",
                "position": {
                    "endCol": 12,
                    "endLine": 4,
                    "startCol": 1,
                    "startLine": 4
                },
                "type": {
                    "concrete": {
                        "shared": false,
                        "valueType": 0
                    },
                    "shared": false,
                    "valueType": 4
                }
            },
            "value": {
                "astNodeName": "MapNode",
                "body": [
                    {
                        "astNodeName": "MapStatementNode",
                        "mapStatementIdentifier": "key1",
                        "position": {
                            "endCol": 33,
                            "endLine": 4,
                            "startCol": 19,
                            "startLine": 4
                        },
                        "value": {
                            "astNodeName": "StringLiteralExpressionNode",
                            "position": {
                                "endCol": 33,
                                "endLine": 4,
                                "startCol": 25,
                                "startLine": 4
                            },
                            "value": "value1"
                        }
                    },
                    {
                        "astNodeName": "MapStatementNode",
                        "mapStatementIdentifier": "key2",
                        "position": {
                            "endCol": 49,
                            "endLine": 4,
                            "startCol": 35,
                            "startLine": 4
                        },
                        "value": {
                            "astNodeName": "StringLiteralExpressionNode",
                            "position": {
                                "endCol": 49,
                                "endLine": 4,
                                "startCol": 41,
                                "startLine": 4
                            },
                            "value": "value2"
                        }
                    }
                ],
                "position": {
                    "endCol": 50,
                    "endLine": 4,
                    "startCol": 18,
                    "startLine": 4
                }
            }
        },
        {
            "astNodeName": "VariableDeclarationNode",
            "identifier": {
                "astNodeName": "IdentifierNode",
                "name": "m2",
                "position": {
                    "endCol": 15,
                    "endLine": 5,
                    "startCol": 13,
                    "startLine": 5
                },
                "symbol": {
                    "declaredAt": {
                        "endCol": 30,
                        "endLine": 5,
                        "startCol": 1,
                        "startLine": 5
                    },
                    "isPrologue": false,
                    "kind": 0,
                    "name": "m2",
                    "type": {
                        "concrete": {
                            "shared": false,
                            "valueType": 1
                        },
                        "shared": false,
                        "valueType": 4
                    },
                    "uuid": "d-guid-14"
                }
            },
            "position": {
                "endCol": 30,
                "endLine": 5,
                "startCol": 1,
                "startLine": 5
            },
            "typeNode": {
                "astNodeName": "MapTypeNode",
                "position": {
                    "endCol": 12,
                    "endLine": 5,
                    "startCol": 1,
                    "startLine": 5
                },
                "type": {
                    "concrete": {
                        "shared": false,
                        "valueType": 1
                    },
                    "shared": false,
                    "valueType": 4
                }
            },
            "value": {
                "astNodeName": "MapNode",
                "body": [],
                "position": {
                    "endCol": 30,
                    "endLine": 5,
                    "startCol": 18,
                    "startLine": 5
                }
            }
        },
        {
            "astNodeName": "VariableDeclarationNode",
            "identifier": {
                "astNodeName": "IdentifierNode",
                "name": "s",
                "position": {
                    "endCol": 9,
                    "endLine": 6,
                    "startCol": 8,
                    "startLine": 6
                },
                "symbol": {
                    "declaredAt": {
                        "endCol": 19,
                        "endLine": 6,
                        "startCol": 1,
                        "startLine": 6
                    },
                    "isPrologue": false,
                    "kind": 0,
                    "name": "s",
                    "type": {
                        "shared": false,
                        "valueType": 0
                    },
                    "uuid": "d-guid-15"
                }
            },
            "position": {
                "endCol": 19,
                "endLine": 6,
                "startCol": 1,
                "startLine": 6
            },
            "typeNode": {
                "astNodeName": "PrimitiveTypeNode",
                "position": {
                    "endCol": 7,
                    "endLine": 6,
                    "startCol": 1,
                    "startLine": 6
                },
                "type": {
                    "shared": false,
                    "valueType": 0
                }
            },
            "value": {
                "astNodeName": "StringLiteralExpressionNode",
                "position": {
                    "endCol": 19,
                    "endLine": 6,
                    "startCol": 12,
                    "startLine": 6
                },
                "value": "fubar"
            }
        },
        {
            "astNodeName": "VariableDeclarationNode",
            "identifier": {
                "astNodeName": "IdentifierNode",
                "name": "n",
                "position": {
                    "endCol": 9,
                    "endLine": 7,
                    "startCol": 8,
                    "startLine": 7
                },
                "symbol": {
                    "declaredAt": {
                        "endCol": 13,
                        "endLine": 7,
                        "startCol": 1,
                        "startLine": 7
                    },
                    "isPrologue": false,
                    "kind": 0,
                    "name": "n",
                    "type": {
                        "shared": false,
                        "valueType": 1
                    },
                    "uuid": "d-guid-16"
                }
            },
            "position": {
                "endCol": 13,
                "endLine": 7,
                "startCol": 1,
                "startLine": 7
            },
            "typeNode": {
                "astNodeName": "PrimitiveTypeNode",
                "position": {
                    "endCol": 7,
                    "endLine": 7,
                    "startCol": 1,
                    "startLine": 7
                },
                "type": {
                    "shared": false,
                    "valueType": 1
                }
            },
            "value": {
                "astNodeName": "NumberLiteralExpressionNode",
                "position": {
                    "endCol": 13,
                    "endLine": 7,
                    "startCol": 12,
                    "startLine": 7
                },
                "value": 0.0
            }
        },
        {
            "astNodeName": "EnumerationStatement",
            "body": [
                {
                    "astNodeName": "IfStatement",
                    "body": [
                        {
                            "astNodeName": "ExpressionStatementNode",
                            "expression": {
                                "astNodeName": "AssignExpressionNode",
                                "dest": {
                                    "astNodeName": "IdentifierNode",
                                    "name": "n",
                                    "position": {
                                        "endCol": 10,
                                        "endLine": 11,
                                        "startCol": 9,
                                        "startLine": 11
                                    },
                                    "symbol": {
                                        "declaredAt": {
                                            "endCol": 13,
                                            "endLine": 7,
                                            "startCol": 1,
                                            "startLine": 7
                                        },
                                        "isPrologue": false,
                                        "kind": 0,
                                        "name": "n",
                                        "type": {
                                            "shared": false,
                                            "valueType": 1
                                        },
                                        "uuid": "d-guid-16"
                                    }
                                },
                                "position": {
                                    "endCol": 19,
                                    "endLine": 11,
                                    "startCol": 9,
                                    "startLine": 11
                                },
                                "value": {
                                    "astNodeName": "AddNode",
                                    "left": {
                                        "astNodeName": "NumberLiteralExpressionNode",
                                        "position": {
                                            "endCol": 14,
                                            "endLine": 11,
                                            "startCol": 13,
                                            "startLine": 11
                                        },
                                        "value": 1.0
                                    },
                                    "position": {
                                        "endCol": 19,
                                        "endLine": 11,
                                        "startCol": 13,
                                        "startLine": 11
                                    },
                                    "right": {
                                        "astNodeName": "NegativeExpressionNode",
                                        "expression": {
                                            "astNodeName": "NumberLiteralExpressionNode",
                                            "position": {
                                                "endCol": 19,
                                                "endLine": 11,
                                                "startCol": 18,
                                                "startLine": 11
                                            },
                                            "value": 4.0
                                        },
                                        "position": {
                                            "endCol": 19,
                                            "endLine": 11,
                                            "startCol": 17,
                                            "startLine": 11
                                        }
                                    }
                                }
                            },
                            "position": {
                                "endCol": 20,
                                "endLine": 11,
                                "startCol": 9,
                                "startLine": 11
                            }
                        },
                        {
                            "astNodeName": "ExpressionStatementNode",
                            "expression": {
                                "astNodeName": "AddAssignExpressionNode",
                                "dest": {
                                    "astNodeName": "IdentifierNode",
                                    "name": "n",
                                    "position": {
                                        "endCol": 10,
                                        "endLine": 12,
                                        "startCol": 9,
                                        "startLine": 12
                                    },
                                    "symbol": {
                                        "declaredAt": {
                                            "endCol": 13,
                                            "endLine": 7,
                                            "startCol": 1,
                                            "startLine": 7
                                        },
                                        "isPrologue": false,
                                        "kind": 0,
                                        "name": "n",
                                        "type": {
                                            "shared": false,
                                            "valueType": 1
                                        },
                                        "uuid": "d-guid-16"
                                    }
                                },
                                "position": {
                                    "endCol": 15,
                                    "endLine": 12,
                                    "startCol": 9,
                                    "startLine": 12
                                },
                                "value": {
                                    "astNodeName": "NumberLiteralExpressionNode",
                                    "position": {
                                        "endCol": 15,
                                        "endLine": 12,
                                        "startCol": 14,
                                        "startLine": 12
                                    },
                                    "value": 2.0
                                }
                            },
                            "position": {
                                "endCol": 16,
                                "endLine": 12,
                                "startCol": 9,
                                "startLine": 12
                            }
                        }
                    ],
                    "condition": {
                        "astNodeName": "AndNode",
                        "left": {
                            "astNodeName": "IdentifierNode",
                            "name": "aBool",
                            "position": {
                                "endCol": 15,
                                "endLine": 10,
                                "startCol": 10,
                                "startLine": 10
                            },
                            "symbol": {
                                "declaredAt": {
                                    "endCol": 22,
                                    "endLine": 9,
                                    "startCol": 17,
                                    "startLine": 9
                                },
                                "isPrologue": false,
                                "kind": 0,
                                "name": "aBool",
                                "type": {
                                    "shared": false,
                                    "valueType": 2
                                },
                                "uuid": "d-guid-17"
                            }
                        },
                        "position": {
                            "endCol": 23,
                            "endLine": 10,
                            "startCol": 10,
                            "startLine": 10
                        },
                        "right": {
                            "astNodeName": "BooleanLiteralExpressionNode",
                            "position": {
                                "endCol": 23,
                                "endLine": 10,
                                "startCol": 19,
                                "startLine": 10
                            },
                            "value": true
                        }
                    },
                    "position": {
                        "endCol": 6,
                        "endLine": 13,
                        "startCol": 5,
                        "startLine": 10
                    }
                },
                {
                    "astNodeName": "VariableDeclarationNode",
                    "identifier": {
                        "astNodeName": "IdentifierNode",
                        "name": "b",
                        "position": {
                            "endCol": 11,
                            "endLine": 15,
                            "startCol": 10,
                            "startLine": 15
                        },
                        "symbol": {
                            "declaredAt": {
                                "endCol": 19,
                                "endLine": 15,
                                "startCol": 5,
                                "startLine": 15
                            },
                            "isPrologue": false,
                            "kind": 0,
                            "name": "b",
                            "type": {
                                "shared": false,
                                "valueType": 2
                            },
                            "uuid": "d-guid-18"
                        }
                    },
                    "position": {
                        "endCol": 19,
                        "endLine": 15,
                        "startCol": 5,
                        "startLine": 15
                    },
                    "typeNode": {
                        "astNodeName": "PrimitiveTypeNode",
                        "position": {
                            "endCol": 9,
                            "endLine": 15,
                            "startCol": 5,
                            "startLine": 15
                        },
                        "type": {
                            "shared": false,
                            "valueType": 2
                        }
                    },
                    "value": {
                        "astNodeName": "IdentifierNode",
                        "name": "aBool",
                        "position": {
                            "endCol": 19,
                            "endLine": 15,
                            "startCol": 14,
                            "startLine": 15
                        },
                        "symbol": {
                            "declaredAt": {
                                "endCol": 22,
                                "endLine": 9,
                                "startCol": 17,
                                "startLine": 9
                            },
                            "isPrologue": false,
                            "kind": 0,
                            "name": "aBool",
                            "type": {
                                "shared": false,
                                "valueType": 2
                            },
                            "uuid": "d-guid-17"
                        }
                    }
                }
            ],
            "enumerable": {
                "astNodeName": "IdentifierNode",
                "name": "e2",
                "position": {
                    "endCol": 13,
                    "endLine": 9,
                    "startCol": 11,
                    "startLine": 9
                },
                "symbol": {
                    "declaredAt": {
                        "endCol": 36,
                        "endLine": 3,
                        "startCol": 1,
                        "startLine": 3
                    },
                    "isPrologue": false,
                    "kind": 0,
                    "name": "e2",
                    "type": {
                        "concrete": {
                            "shared": false,
                            "valueType": 2
                        },
                        "shared": false,
                        "valueType": 3
                    },
                    "uuid": "d-guid-12"
                }
            },
            "local": {
                "astNodeName": "IdentifierNode",
                "name": "aBool",
                "position": {
                    "endCol": 22,
                    "endLine": 9,
                    "startCol": 17,
                    "startLine": 9
                },
                "symbol": {
                    "declaredAt": {
                        "endCol": 22,
                        "endLine": 9,
                        "startCol": 17,
                        "startLine": 9
                    },
                    "isPrologue": false,
                    "kind": 0,
                    "name": "aBool",
                    "type": {
                        "shared": false,
                        "valueType": 2
                    },
                    "uuid": "d-guid-17"
                }
            },
            "position": {
                "endCol": 2,
                "endLine": 16,
                "startCol": 1,
                "startLine": 9
            }
        },
        {
            "astNodeName": "IfStatement",
            "body": [
                {
                    "astNodeName": "ExpressionStatementNode",
                    "expression": {
                        "arguments": [
                            {
                                "astNodeName": "StringLiteralExpressionNode",
                                "position": {
                                    "endCol": 20,
                                    "endLine": 19,
                                    "startCol": 9,
                                    "startLine": 19
                                },
                                "value": "body here"
                            }
                        ],
                        "astNodeName": "CallExpressionNode",
                        "identifier": {
                            "astNodeName": "IdentifierNode",
                            "name": "log",
                            "position": {
                                "endCol": 8,
                                "endLine": 19,
                                "startCol": 5,
                                "startLine": 19
                            },
                            "symbol": {
                                "declaredAt": {
                                    "endCol": 0,
                                    "endLine": 0,
                                    "startCol": 0,
                                    "startLine": 0
                                },
                                "isPrologue": true,
                                "kind": 1,
                                "name": "log",
                                "type": {
                                    "arguments": [
                                        {
                                            "shared": false,
                                            "valueType": 0
                                        }
                                    ],
                                    "return": {
                                        "shared": false,
                                        "valueType": 7
                                    },
                                    "shared": false,
                                    "valueType": 6
                                },
                                "uuid": "d-guid-3"
                            }
                        },
                        "position": {
                            "endCol": 21,
                            "endLine": 19,
                            "startCol": 5,
                            "startLine": 19
                        }
                    },
                    "position": {
                        "endCol": 22,
                        "endLine": 19,
                        "startCol": 5,
                        "startLine": 19
                    }
                }
            ],
            "condition": {
                "astNodeName": "OrNode",
                "left": {
                    "astNodeName": "OrNode",
                    "left": {
                        "astNodeName": "OrNode",
                        "left": {
                            "astNodeName": "NumericComparisonExpressionNode",
                            "comparisonType": "LESS_THAN",
                            "left": {
                                "astNodeName": "IdentifierNode",
                                "name": "n",
                                "position": {
                                    "endCol": 7,
                                    "endLine": 18,
                                    "startCol": 6,
                                    "startLine": 18
                                },
                                "symbol": {
                                    "declaredAt": {
                                        "endCol": 13,
                                        "endLine": 7,
                                        "startCol": 1,
                                        "startLine": 7
                                    },
                                    "isPrologue": false,
                                    "kind": 0,
                                    "name": "n",
                                    "type": {
                                        "shared": false,
                                        "valueType": 1
                                    },
                                    "uuid": "d-guid-16"
                                }
                            },
                            "position": {
                                "endCol": 11,
                                "endLine": 18,
                                "startCol": 6,
                                "startLine": 18
                            },
                            "right": {
                                "astNodeName": "NumberLiteralExpressionNode",
                                "position": {
                                    "endCol": 11,
                                    "endLine": 18,
                                    "startCol": 10,
                                    "startLine": 18
                                },
                                "value": 1.0
                            }
                        },
                        "position": {
                            "endCol": 20,
                            "endLine": 18,
                            "startCol": 6,
                            "startLine": 18
                        },
                        "right": {
                            "astNodeName": "NumericComparisonExpressionNode",
                            "comparisonType": "GREATER_THAN",
                            "left": {
                                "astNodeName": "IdentifierNode",
                                "name": "n",
                                "position": {
                                    "endCol": 16,
                                    "endLine": 18,
                                    "startCol": 15,
                                    "startLine": 18
                                },
                                "symbol": {
                                    "declaredAt": {
                                        "endCol": 13,
                                        "endLine": 7,
                                        "startCol": 1,
                                        "startLine": 7
                                    },
                                    "isPrologue": false,
                                    "kind": 0,
                                    "name": "n",
                                    "type": {
                                        "shared": false,
                                        "valueType": 1
                                    },
                                    "uuid": "d-guid-16"
                                }
                            },
                            "position": {
                                "endCol": 20,
                                "endLine": 18,
                                "startCol": 15,
                                "startLine": 18
                            },
                            "right": {
                                "astNodeName": "NumberLiteralExpressionNode",
                                "position": {
                                    "endCol": 20,
                                    "endLine": 18,
                                    "startCol": 19,
                                    "startLine": 18
                                },
                                "value": 2.0
                            }
                        }
                    },
                    "position": {
                        "endCol": 30,
                        "endLine": 18,
                        "startCol": 6,
                        "startLine": 18
                    },
                    "right": {
                        "astNodeName": "NumericComparisonExpressionNode",
                        "comparisonType": "LESS_THAN_OR_EQUAL",
                        "left": {
                            "astNodeName": "IdentifierNode",
                            "name": "n",
                            "position": {
                                "endCol": 25,
                                "endLine": 18,
                                "startCol": 24,
                                "startLine": 18
                            },
                            "symbol": {
                                "declaredAt": {
                                    "endCol": 13,
                                    "endLine": 7,
                                    "startCol": 1,
                                    "startLine": 7
                                },
                                "isPrologue": false,
                                "kind": 0,
                                "name": "n",
                                "type": {
                                    "shared": false,
                                    "valueType": 1
                                },
                                "uuid": "d-guid-16"
                            }
                        },
                        "position": {
                            "endCol": 30,
                            "endLine": 18,
                            "startCol": 24,
                            "startLine": 18
                        },
                        "right": {
                            "astNodeName": "NumberLiteralExpressionNode",
                            "position": {
                                "endCol": 30,
                                "endLine": 18,
                                "startCol": 29,
                                "startLine": 18
                            },
                            "value": 3.0
                        }
                    }
                },
                "position": {
                    "endCol": 40,
                    "endLine": 18,
                    "startCol": 6,
                    "startLine": 18
                },
                "right": {
                    "astNodeName": "NumericComparisonExpressionNode",
                    "comparisonType": "GREATER_THAN_OR_EQUAL",
                    "left": {
                        "astNodeName": "IdentifierNode",
                        "name": "n",
                        "position": {
                            "endCol": 35,
                            "endLine": 18,
                            "startCol": 34,
                            "startLine": 18
                        },
                        "symbol": {
                            "declaredAt": {
                                "endCol": 13,
                                "endLine": 7,
                                "startCol": 1,
                                "startLine": 7
                            },
                            "isPrologue": false,
                            "kind": 0,
                            "name": "n",
                            "type": {
                                "shared": false,
                                "valueType": 1
                            },
                            "uuid": "d-guid-16"
                        }
                    },
                    "position": {
                        "endCol": 40,
                        "endLine": 18,
                        "startCol": 34,
                        "startLine": 18
                    },
                    "right": {
                        "astNodeName": "NumberLiteralExpressionNode",
                        "position": {
                            "endCol": 40,
                            "endLine": 18,
                            "startCol": 39,
                            "startLine": 18
                        },
                        "value": 4.0
                    }
                }
            },
            "position": {
                "endCol": 2,
                "endLine": 20,
                "startCol": 1,
                "startLine": 18
            }
        },
        {
            "astNodeName": "WithStatement",
            "body": [
                {
                    "astNodeName": "ExpressionStatementNode",
                    "expression": {
                        "astNodeName": "AssignExpressionNode",
                        "dest": {
                            "astNodeName": "IdentifierNode",
                            "name": "s",
                            "position": {
                                "endCol": 6,
                                "endLine": 23,
                                "startCol": 5,
                                "startLine": 23
                            },
                            "symbol": {
                                "declaredAt": {
                                    "endCol": 19,
                                    "endLine": 6,
                                    "startCol": 1,
                                    "startLine": 6
                                },
                                "isPrologue": false,
                                "kind": 0,
                                "name": "s",
                                "type": {
                                    "shared": false,
                                    "valueType": 0
                                },
                                "uuid": "d-guid-15"
                            }
                        },
                        "position": {
                            "endCol": 16,
                            "endLine": 23,
                            "startCol": 5,
                            "startLine": 23
                        },
                        "value": {
                            "astNodeName": "IdentifierNode",
                            "name": "aString",
                            "position": {
                                "endCol": 16,
                                "endLine": 23,
                                "startCol": 9,
                                "startLine": 23
                            },
                            "symbol": {
                                "declaredAt": {
                                    "endCol": 47,
                                    "endLine": 22,
                                    "startCol": 40,
                                    "startLine": 22
                                },
                                "isPrologue": false,
                                "kind": 0,
                                "name": "aString",
                                "type": {
                                    "shared": false,
                                    "valueType": 0
                                },
                                "uuid": "d-guid-19"
                            }
                        }
                    },
                    "position": {
                        "endCol": 17,
                        "endLine": 23,
                        "startCol": 5,
                        "startLine": 23
                    }
                }
            ],
            "local": {
                "astNodeName": "IdentifierNode",
                "name": "aString",
                "position": {
                    "endCol": 47,
                    "endLine": 22,
                    "startCol": 40,
                    "startLine": 22
                },
                "symbol": {
                    "declaredAt": {
                        "endCol": 47,
                        "endLine": 22,
                        "startCol": 40,
                        "startLine": 22
                    },
                    "isPrologue": false,
                    "kind": 0,
                    "name": "aString",
                    "type": {
                        "shared": false,
                        "valueType": 0
                    },
                    "uuid": "d-guid-19"
                }
            },
            "position": {
                "endCol": 2,
                "endLine": 24,
                "startCol": 1,
                "startLine": 22
            },
            "resource": {
                "arguments": [
                    {
                        "astNodeName": "ConcatenateNode",
                        "left": {
                            "astNodeName": "StringLiteralExpressionNode",
                            "position": {
                                "endCol": 26,
                                "endLine": 22,
                                "startCol": 19,
                                "startLine": 22
                            },
                            "value": "input"
                        },
                        "position": {
                            "endCol": 35,
                            "endLine": 22,
                            "startCol": 19,
                            "startLine": 22
                        },
                        "right": {
                            "astNodeName": "StringLiteralExpressionNode",
                            "position": {
                                "endCol": 35,
                                "endLine": 22,
                                "startCol": 29,
                                "startLine": 22
                            },
                            "value": ".txt"
                        }
                    }
                ],
                "astNodeName": "CallExpressionNode",
                "identifier": {
                    "astNodeName": "IdentifierNode",
                    "name": "fileContents",
                    "position": {
                        "endCol": 18,
                        "endLine": 22,
                        "startCol": 6,
                        "startLine": 22
                    },
                    "symbol": {
                        "declaredAt": {
                            "endCol": 0,
                            "endLine": 0,
                            "startCol": 0,
                            "startLine": 0
                        },
                        "isPrologue": true,
                        "kind": 1,
                        "name": "fileContents",
                        "type": {
                            "arguments": [
                                {
                                    "shared": false,
                                    "valueType": 0
                                }
                            ],
                            "return": {
                                "concrete": {
                                    "shared": false,
                                    "valueType": 0
                                },
                                "shared": false,
                                "valueType": 8
                            },
                            "shared": false,
                            "valueType": 6
                        },
                        "uuid": "d-guid-9"
                    }
                },
                "position": {
                    "endCol": 36,
                    "endLine": 22,
                    "startCol": 6,
                    "startLine": 22
                }
            }
        }
    ],
    "position": {
        "endCol": 0,
        "endLine": 0,
        "startCol": 0,
        "startLine": 0
    }
}[32m[SUCCESS] [0mSerialized input program.
[0m