ENUMERABLE [l: 8, c: 1]->[l: 8, c: 11]
LARROW [l: 8, c: 11]->[l: 8, c: 12]
NUMBER [l: 8, c: 12]->[l: 8, c: 18]
RARROW [l: 8, c: 18]->[l: 8, c: 19]
ID:t1 [l: 8, c: 20]->[l: 8, c: 22]
ASSIGN [l: 8, c: 23]->[l: 8, c: 24]
LBRACKET [l: 8, c: 26]->[l: 8, c: 27]
NUMBERLITERAL:1 [l: 8, c: 27]->[l: 8, c: 28]
COMMA [l: 8, c: 28]->[l: 8, c: 29]
NUMBERLITERAL:2 [l: 8, c: 29]->[l: 8, c: 30]
COMMA [l: 8, c: 30]->[l: 8, c: 31]
NUMBERLITERAL:3 [l: 8, c: 31]->[l: 8, c: 32]
RBRACKET [l: 8, c: 32]->[l: 8, c: 33]
SEMICOLON [l: 8, c: 33]->[l: 8, c: 34]
SHARED [l: 9, c: 1]->[l: 9, c: 7]
ENUMERABLE [l: 9, c: 8]->[l: 9, c: 18]
LARROW [l: 9, c: 18]->[l: 9, c: 19]
ENUMERABLE [l: 9, c: 19]->[l: 9, c: 29]
LARROW [l: 9, c: 29]->[l: 9, c: 30]
STRING [l: 9, c: 30]->[l: 9, c: 36]
RARROW [l: 9, c: 36]->[l: 9, c: 37]
RARROW [l: 9, c: 37]->[l: 9, c: 38]
ID:t2 [l: 9, c: 39]->[l: 9, c: 41]
ASSIGN [l: 9, c: 42]->[l: 9, c: 43]
LBRACKET [l: 9, c: 44]->[l: 9, c: 45]
RBRACKET [l: 9, c: 45]->[l: 9, c: 46]
OF [l: 9, c: 47]->[l: 9, c: 49]
ENUMERABLE [l: 9, c: 50]->[l: 9, c: 60]
LARROW [l: 9, c: 60]->[l: 9, c: 61]
STRING [l: 9, c: 61]->[l: 9, c: 67]
RARROW [l: 9, c: 67]->[l: 9, c: 68]
SEMICOLON [l: 9, c: 68]->[l: 9, c: 69]
NUMBER [l: 10, c: 1]->[l: 10, c: 7]
ID:t3 [l: 10, c: 8]->[l: 10, c: 10]
ASSIGN [l: 10, c: 11]->[l: 10, c: 12]
NUMBERLITERAL:4 [l: 10, c: 13]->[l: 10, c: 14]
SEMICOLON [l: 10, c: 14]->[l: 10, c: 15]
SHARED [l: 11, c: 1]->[l: 11, c: 7]
STRING [l: 11, c: 8]->[l: 11, c: 14]
ID:t4 [l: 11, c: 15]->[l: 11, c: 17]
ASSIGN [l: 11, c: 18]->[l: 11, c: 19]
STRINGLITERAL:"zoinks" [l: 11, c: 20]->[l: 11, c: 28]
SEMICOLON [l: 11, c: 28]->[l: 11, c: 29]
MAP [l: 12, c: 1]->[l: 12, c: 4]
LARROW [l: 12, c: 4]->[l: 12, c: 5]
NUMBER [l: 12, c: 5]->[l: 12, c: 11]
ARROW [l: 12, c: 11]->[l: 12, c: 13]
TYPE [l: 12, c: 13]->[l: 12, c: 17]
RARROW [l: 12, c: 17]->[l: 12, c: 18]
ID:t5 [l: 12, c: 19]->[l: 12, c: 21]
ASSIGN [l: 12, c: 22]->[l: 12, c: 23]
LBRACE [l: 12, c: 24]->[l: 12, c: 25]
RBRACE [l: 12, c: 25]->[l: 12, c: 26]
OF [l: 12, c: 27]->[l: 12, c: 29]
NUMBER [l: 12, c: 30]->[l: 12, c: 36]
ARROW [l: 12, c: 36]->[l: 12, c: 38]
TYPE [l: 12, c: 38]->[l: 12, c: 42]
SEMICOLON [l: 12, c: 42]->[l: 12, c: 43]
SHARED [l: 13, c: 1]->[l: 13, c: 7]
MAP [l: 13, c: 8]->[l: 13, c: 11]
LARROW [l: 13, c: 11]->[l: 13, c: 12]
ENUMERABLE [l: 13, c: 12]->[l: 13, c: 22]
LARROW [l: 13, c: 22]->[l: 13, c: 23]
NUMBER [l: 13, c: 23]->[l: 13, c: 29]
ARROW [l: 13, c: 29]->[l: 13, c: 31]
STRING [l: 13, c: 31]->[l: 13, c: 37]
RARROW [l: 13, c: 37]->[l: 13, c: 38]
RARROW [l: 13, c: 38]->[l: 13, c: 39]
ID:t6 [l: 13, c: 40]->[l: 13, c: 42]
ASSIGN [l: 13, c: 43]->[l: 13, c: 44]
LBRACE [l: 13, c: 45]->[l: 13, c: 46]
ID:a [l: 14, c: 5]->[l: 14, c: 6]
COLON [l: 14, c: 6]->[l: 14, c: 7]
LBRACKET [l: 14, c: 8]->[l: 14, c: 9]
LPAREN [l: 14, c: 9]->[l: 14, c: 10]
ID:arg1 [l: 14, c: 10]->[l: 14, c: 14]
COLON [l: 14, c: 14]->[l: 14, c: 15]
NUMBER [l: 14, c: 16]->[l: 14, c: 22]
RPAREN [l: 14, c: 22]->[l: 14, c: 23]
COLON [l: 14, c: 23]->[l: 14, c: 24]
STRING [l: 14, c: 25]->[l: 14, c: 31]
FNDEF [l: 14, c: 32]->[l: 14, c: 34]
STRINGLITERAL:"hello" [l: 14, c: 35]->[l: 14, c: 42]
RBRACKET [l: 14, c: 42]->[l: 14, c: 43]
COMMA [l: 14, c: 43]->[l: 14, c: 44]
ID:b [l: 15, c: 5]->[l: 15, c: 6]
COLON [l: 15, c: 6]->[l: 15, c: 7]
LBRACKET [l: 15, c: 8]->[l: 15, c: 9]
LPAREN [l: 15, c: 9]->[l: 15, c: 10]
ID:arg1 [l: 15, c: 10]->[l: 15, c: 14]
COLON [l: 15, c: 14]->[l: 15, c: 15]
NUMBER [l: 15, c: 16]->[l: 15, c: 22]
RPAREN [l: 15, c: 22]->[l: 15, c: 23]
COLON [l: 15, c: 23]->[l: 15, c: 24]
STRING [l: 15, c: 25]->[l: 15, c: 31]
FNDEF [l: 15, c: 32]->[l: 15, c: 34]
STRINGLITERAL:"goodbye" [l: 15, c: 35]->[l: 15, c: 44]
COMMA [l: 15, c: 44]->[l: 15, c: 45]
LPAREN [l: 15, c: 46]->[l: 15, c: 47]
ID:arg1 [l: 15, c: 47]->[l: 15, c: 51]
COLON [l: 15, c: 51]->[l: 15, c: 52]
NUMBER [l: 15, c: 52]->[l: 15, c: 58]
RPAREN [l: 15, c: 58]->[l: 15, c: 59]
COLON [l: 15, c: 59]->[l: 15, c: 60]
STRING [l: 15, c: 60]->[l: 15, c: 66]
FNDEF [l: 15, c: 66]->[l: 15, c: 68]
STRINGLITERAL:"zoinks" [l: 15, c: 68]->[l: 15, c: 76]
RBRACKET [l: 15, c: 76]->[l: 15, c: 77]
RBRACE [l: 16, c: 1]->[l: 16, c: 2]
SEMICOLON [l: 16, c: 2]->[l: 16, c: 3]
ENUMERATE [l: 18, c: 1]->[l: 18, c: 10]
ID:t6 [l: 18, c: 11]->[l: 18, c: 13]
LBRACKET [l: 18, c: 13]->[l: 18, c: 14]
ID:b [l: 18, c: 14]->[l: 18, c: 15]
RBRACKET [l: 18, c: 15]->[l: 18, c: 16]
AS [l: 18, c: 17]->[l: 18, c: 19]
ID:joe [l: 18, c: 20]->[l: 18, c: 23]
LBRACE [l: 18, c: 24]->[l: 18, c: 25]
WITH [l: 19, c: 5]->[l: 19, c: 9]
ID:tag [l: 19, c: 10]->[l: 19, c: 13]
LPAREN [l: 19, c: 13]->[l: 19, c: 14]
STRINGLITERAL:"mama" [l: 19, c: 14]->[l: 19, c: 20]
COMMA [l: 19, c: 20]->[l: 19, c: 21]
STRINGLITERAL:"is a nice woman" [l: 19, c: 22]->[l: 19, c: 39]
RPAREN [l: 19, c: 39]->[l: 19, c: 40]
AS [l: 19, c: 41]->[l: 19, c: 43]
ID:_ [l: 19, c: 44]->[l: 19, c: 45]
LBRACE [l: 19, c: 46]->[l: 19, c: 47]
RBRACE [l: 21, c: 5]->[l: 21, c: 6]
RBRACE [l: 22, c: 1]->[l: 22, c: 2]
WHILE [l: 24, c: 1]->[l: 24, c: 6]
LPAREN [l: 24, c: 7]->[l: 24, c: 8]
ID:t3 [l: 24, c: 8]->[l: 24, c: 10]
RARROW [l: 24, c: 11]->[l: 24, c: 12]
NUMBERLITERAL:0 [l: 24, c: 13]->[l: 24, c: 14]
AND [l: 24, c: 15]->[l: 24, c: 17]
ID:t3 [l: 24, c: 18]->[l: 24, c: 20]
RARROWEQUALS [l: 24, c: 21]->[l: 24, c: 23]
SUBTRACT [l: 24, c: 24]->[l: 24, c: 25]
NUMBERLITERAL:1 [l: 24, c: 25]->[l: 24, c: 26]
AND [l: 24, c: 27]->[l: 24, c: 29]
ID:t4 [l: 24, c: 30]->[l: 24, c: 32]
NOTEQUAL [l: 24, c: 33]->[l: 24, c: 35]
STRINGLITERAL:"jinkies" [l: 24, c: 36]->[l: 24, c: 45]
AND [l: 24, c: 46]->[l: 24, c: 48]
ID:t3 [l: 24, c: 49]->[l: 24, c: 51]
LARROW [l: 24, c: 52]->[l: 24, c: 53]
NUMBERLITERAL:5 [l: 24, c: 54]->[l: 24, c: 55]
AND [l: 24, c: 56]->[l: 24, c: 58]
ID:t3 [l: 24, c: 59]->[l: 24, c: 61]
LARROWEQUALS [l: 24, c: 62]->[l: 24, c: 64]
NUMBERLITERAL:4 [l: 24, c: 65]->[l: 24, c: 66]
RPAREN [l: 24, c: 66]->[l: 24, c: 67]
LBRACE [l: 24, c: 68]->[l: 24, c: 69]
IF [l: 25, c: 5]->[l: 25, c: 7]
LPAREN [l: 25, c: 8]->[l: 25, c: 9]
ID:t3 [l: 25, c: 9]->[l: 25, c: 11]
EQUAL [l: 25, c: 12]->[l: 25, c: 14]
NUMBERLITERAL:2 [l: 25, c: 15]->[l: 25, c: 16]
RPAREN [l: 25, c: 16]->[l: 25, c: 17]
LBRACE [l: 25, c: 18]->[l: 25, c: 19]
CONTINUE [l: 26, c: 9]->[l: 26, c: 17]
SEMICOLON [l: 26, c: 17]->[l: 26, c: 18]
RBRACE [l: 27, c: 5]->[l: 27, c: 6]
IF [l: 28, c: 5]->[l: 28, c: 7]
LPAREN [l: 28, c: 8]->[l: 28, c: 9]
ID:t3 [l: 28, c: 9]->[l: 28, c: 11]
EQUAL [l: 28, c: 12]->[l: 28, c: 14]
NUMBERLITERAL:1 [l: 28, c: 15]->[l: 28, c: 16]
RPAREN [l: 28, c: 16]->[l: 28, c: 17]
LBRACE [l: 28, c: 18]->[l: 28, c: 19]
FN [l: 29, c: 9]->[l: 29, c: 11]
ID:func [l: 29, c: 12]->[l: 29, c: 16]
ASSIGN [l: 29, c: 17]->[l: 29, c: 18]
LPAREN [l: 29, c: 19]->[l: 29, c: 20]
RPAREN [l: 29, c: 20]->[l: 29, c: 21]
COLON [l: 29, c: 21]->[l: 29, c: 22]
VOID [l: 29, c: 23]->[l: 29, c: 27]
FNDEF [l: 29, c: 28]->[l: 29, c: 30]
LBRACE [l: 29, c: 31]->[l: 29, c: 32]
RETURN [l: 30, c: 13]->[l: 30, c: 19]
SEMICOLON [l: 30, c: 19]->[l: 30, c: 20]
RBRACE [l: 31, c: 9]->[l: 31, c: 10]
SHARED [l: 32, c: 9]->[l: 32, c: 15]
FN [l: 32, c: 16]->[l: 32, c: 18]
ID:func2 [l: 32, c: 19]->[l: 32, c: 24]
ASSIGN [l: 32, c: 25]->[l: 32, c: 26]
LPAREN [l: 32, c: 27]->[l: 32, c: 28]
RPAREN [l: 32, c: 28]->[l: 32, c: 29]
COLON [l: 32, c: 29]->[l: 32, c: 30]
BOOL [l: 32, c: 31]->[l: 32, c: 35]
FNDEF [l: 32, c: 36]->[l: 32, c: 38]
LBRACE [l: 32, c: 39]->[l: 32, c: 40]
RETURN [l: 33, c: 13]->[l: 33, c: 19]
NOT [l: 33, c: 20]->[l: 33, c: 21]
LPAREN [l: 33, c: 21]->[l: 33, c: 22]
TTRUE [l: 33, c: 22]->[l: 33, c: 26]
OR [l: 33, c: 27]->[l: 33, c: 29]
TFALSE [l: 33, c: 30]->[l: 33, c: 35]
RPAREN [l: 33, c: 35]->[l: 33, c: 36]
SEMICOLON [l: 33, c: 36]->[l: 33, c: 37]
RBRACE [l: 34, c: 9]->[l: 34, c: 10]
BREAK [l: 36, c: 9]->[l: 36, c: 14]
SEMICOLON [l: 36, c: 14]->[l: 36, c: 15]
RBRACE [l: 37, c: 5]->[l: 37, c: 6]
ID:t3 [l: 38, c: 5]->[l: 38, c: 7]
ADDASSIGN [l: 38, c: 8]->[l: 38, c: 10]
NUMBERLITERAL:0.1 [l: 38, c: 11]->[l: 38, c: 14]
SEMICOLON [l: 38, c: 14]->[l: 38, c: 15]
ID:t3 [l: 39, c: 5]->[l: 39, c: 7]
SUBTRACTASSIGN [l: 39, c: 8]->[l: 39, c: 10]
NUMBERLITERAL:1.1 [l: 39, c: 11]->[l: 39, c: 14]
SEMICOLON [l: 39, c: 14]->[l: 39, c: 15]
ID:t3 [l: 40, c: 5]->[l: 40, c: 7]
MULTIPLYASSIGN [l: 40, c: 8]->[l: 40, c: 10]
NUMBERLITERAL:1 [l: 40, c: 11]->[l: 40, c: 12]
SEMICOLON [l: 40, c: 12]->[l: 40, c: 13]
ID:t3 [l: 41, c: 5]->[l: 41, c: 7]
DIVIDEASSIGN [l: 41, c: 8]->[l: 41, c: 10]
NUMBERLITERAL:1.0 [l: 41, c: 11]->[l: 41, c: 14]
SEMICOLON [l: 41, c: 14]->[l: 41, c: 15]
ID:t3 [l: 42, c: 5]->[l: 42, c: 7]
POWERASSIGN [l: 42, c: 8]->[l: 42, c: 10]
NUMBERLITERAL:1 [l: 42, c: 11]->[l: 42, c: 12]
SEMICOLON [l: 42, c: 12]->[l: 42, c: 13]
ID:t3 [l: 43, c: 5]->[l: 43, c: 7]
MODULUSASSIGN [l: 43, c: 8]->[l: 43, c: 10]
NUMBERLITERAL:1 [l: 43, c: 11]->[l: 43, c: 12]
SEMICOLON [l: 43, c: 12]->[l: 43, c: 13]
ID:t4 [l: 44, c: 5]->[l: 44, c: 7]
CATASSIGN [l: 44, c: 8]->[l: 44, c: 10]
STRINGLITERAL:"s" [l: 44, c: 11]->[l: 44, c: 14]
SEMICOLON [l: 44, c: 14]->[l: 44, c: 15]
RBRACE [l: 45, c: 1]->[l: 45, c: 2]
ID:t3 [l: 47, c: 1]->[l: 47, c: 3]
ASSIGN [l: 47, c: 4]->[l: 47, c: 5]
NUMBERLITERAL:1 [l: 47, c: 6]->[l: 47, c: 7]
ADD [l: 47, c: 8]->[l: 47, c: 9]
NUMBERLITERAL:2 [l: 47, c: 10]->[l: 47, c: 11]
SUBTRACT [l: 47, c: 12]->[l: 47, c: 13]
NUMBERLITERAL:3 [l: 47, c: 14]->[l: 47, c: 15]
DIVIDE [l: 47, c: 16]->[l: 47, c: 17]
NUMBERLITERAL:4 [l: 47, c: 18]->[l: 47, c: 19]
MODULUS [l: 47, c: 20]->[l: 47, c: 21]
NUMBERLITERAL:1 [l: 47, c: 22]->[l: 47, c: 23]
POWER [l: 47, c: 24]->[l: 47, c: 25]
NUMBERLITERAL:5 [l: 47, c: 26]->[l: 47, c: 27]
SEMICOLON [l: 47, c: 27]->[l: 47, c: 28]
BOOL [l: 48, c: 1]->[l: 48, c: 5]
ID:t7 [l: 48, c: 6]->[l: 48, c: 8]
ASSIGN [l: 48, c: 9]->[l: 48, c: 10]
TTRUE [l: 48, c: 11]->[l: 48, c: 15]
SEMICOLON [l: 48, c: 15]->[l: 48, c: 16]
ID:t7 [l: 49, c: 1]->[l: 49, c: 3]
ANDASSIGN [l: 49, c: 4]->[l: 49, c: 7]
TFALSE [l: 49, c: 8]->[l: 49, c: 13]
SEMICOLON [l: 49, c: 13]->[l: 49, c: 14]
ID:t7 [l: 50, c: 1]->[l: 50, c: 3]
ORASSIGN [l: 50, c: 4]->[l: 50, c: 7]
TTRUE [l: 50, c: 8]->[l: 50, c: 12]
SEMICOLON [l: 50, c: 12]->[l: 50, c: 13]
ID:t4 [l: 51, c: 1]->[l: 51, c: 3]
ASSIGN [l: 51, c: 4]->[l: 51, c: 5]
ID:t4 [l: 51, c: 6]->[l: 51, c: 8]
CAT [l: 51, c: 9]->[l: 51, c: 10]
ID:t4 [l: 51, c: 11]->[l: 51, c: 13]
SEMICOLON [l: 51, c: 13]->[l: 51, c: 14]
EOF
