[0mCreated function f:FUNC_0
[0mCreated function f:FUNC_2
[0mCreated function f:FUNC_14
[0mCreated function f:FUNC_18
[0mCreated function f:FUNC_21
[0mCreated function f:ENUM_25
[0mCreated ambiguous function l:tmp27
[0mCreated function f:WITH_31
[0mCopied function f:WITH_31
[0mCopied function f:ENUM_25
[0mCreated function f:ENUM_35
[0mCreated ambiguous function l:tmp37
[0mCreated function f:WITH_41
[0mCreated ambiguous function l:var_log
[0mCopied function f:WITH_41
[0mCopied function f:ENUM_35
[0mCreated function f:ENUM_44
[0mCopied function f:ENUM_44
[0mCreated function f:ENUM_46
[0mCopied function f:ENUM_46
[0mCreated function f:ENUM_48
[0mCopied function f:ENUM_48
[0mCreated function f:ENUM_50
[0mCopied function f:ENUM_50
[0mCreated function f:WHILECOND_51
[0mCreated function f:WHILE_67
[0mCreated function f:IFBODY_68
[0mCopied function f:WHILECOND_51
[0mCopied function f:IFBODY_68
[0mCreated function f:SUBFUNC_71
[0mCreated function f:IFBODY_72
[0mCreated function f:FUNC_73
[0mCreated function f:FUNC_75
[0mCopied function f:IFBODY_72
[0mCopied function f:SUBFUNC_71
[0mCreated function f:SUBFUNC_83
[0mCopied function f:SUBFUNC_83
[0mCopied function f:WHILECOND_51
[0mCopied function f:WHILECOND_51
[0mCopied function f:WHILE_67
[0mCreated function f:FUNC_116
[0mCreated function f:FUNC_119
[0mCreated ambiguous function l:tmp123
[0mCreated ambiguous function s:var_t9
[0mCreated function f:FUNC_127
[0mCreated function f:FUNC_128
[0mCreated ambiguous function l:tmp131
[0mCreated ambiguous function l:tmp136
BEGINFN<Location<f:FUNC_128>, TypeReference<Primitive<TYPE>>>
FNPARAM<TypeReference<Primitive<NUMBER>>, Location<l:arg_a>>
FNPARAM<TypeReference<Primitive<TYPE>>, Location<l:arg_b>>
SCOPEOF<Location<l:retVal>>
SCOPEOF<Location<l:CFB>>
ASSIGNVALUE<Location<l:CFB>, BooleanReference<false>>
ASSIGNVALUE<Location<l:CFB>, BooleanReference<true>>
ASSIGNVALUE<Location<l:tmp129>, TypeReference<Primitive<STRING>>>
ASSIGNVALUE<Location<l:retVal>, Location<l:tmp129>>
RETURN1<Location<l:retVal>>
BEGINFN<Location<f:FUNC_127>, TypeReference<Primitive<NUMBER> :: Primitive<TYPE> :: Primitive<TYPE>>>
SCOPEOF<Location<l:retVal>>
SCOPEOF<Location<l:CFB>>
ASSIGNVALUE<Location<l:CFB>, BooleanReference<false>>
ASSIGNVALUE<Location<l:CFB>, BooleanReference<true>>
ASSIGNVALUE<Location<l:tmp130>, Location<f:FUNC_128>>
ASSIGNVALUE<Location<l:retVal>, Location<l:tmp130>>
RETURN1<Location<l:retVal>>
BEGINFN<Location<f:FUNC_116>, TypeReference<Primitive<TYPE>>>
FNPARAM<TypeReference<Primitive<NUMBER>>, Location<l:arg_arg1>>
FNPARAM<TypeReference<Primitive<TYPE>>, Location<l:arg_arg2>>
SCOPEOF<Location<l:retVal>>
SCOPEOF<Location<l:CFB>>
ASSIGNVALUE<Location<l:CFB>, BooleanReference<false>>
ASSIGNVALUE<Location<l:CFB>, BooleanReference<true>>
ASSIGNVALUE<Location<l:tmp117>, TypeReference<Primitive<NUMBER>>>
ASSIGNVALUE<Location<l:retVal>, Location<l:tmp117>>
RETURN1<Location<l:retVal>>
BEGINFN<Location<f:FUNC_75>, TypeReference<Primitive<BOOLEAN>>>
SCOPEOF<Location<l:retVal>>
SCOPEOF<Location<l:CFB>>
ASSIGNVALUE<Location<l:CFB>, BooleanReference<false>>
ASSIGNVALUE<Location<l:CFB>, BooleanReference<true>>
ASSIGNVALUE<Location<l:tmp76>, BooleanReference<true>>
ASSIGNVALUE<Location<l:tmp77>, BooleanReference<false>>
ASSIGNEVAL<Location<l:tmp78>, OR<Location<l:tmp76>, Location<l:tmp77>>>
ASSIGNEVAL<Location<l:tmp79>, NOT<Location<l:tmp78>>>
ASSIGNVALUE<Location<l:retVal>, Location<l:tmp79>>
RETURN1<Location<l:retVal>>
BEGINFN<Location<f:FUNC_73>, TypeReference<Primitive<VOID>>>
SCOPEOF<Location<l:CFB>>
ASSIGNVALUE<Location<l:CFB>, BooleanReference<false>>
ASSIGNVALUE<Location<l:CFB>, BooleanReference<true>>
RETURN0<>
BEGINFN<Location<f:IFBODY_72>, TypeReference<Primitive<VOID>>>
SCOPEOF<Location<l:var_func>>
ASSIGNVALUE<Location<l:tmp74>, Location<f:FUNC_73>>
ASSIGNVALUE<Location<l:var_func>, Location<l:tmp74>>
SCOPEOF<Location<s:var_func2>>
ASSIGNVALUE<Location<l:tmp80>, Location<f:FUNC_75>>
ASSIGNVALUE<Location<s:var_func2>, Location<l:tmp80>>
ASSIGNVALUE<Location<l:whileCond>, BooleanReference<false>>
ASSIGNVALUE<Location<l:CFBWhile>, BooleanReference<true>>
RETURN0<>
BEGINFN<Location<f:SUBFUNC_71>, TypeReference<Primitive<VOID>>>
ASSIGNVALUE<Location<l:var_t3>, Location<l:var_t3>>
ASSIGNVALUE<Location<l:tmp81>, NumberReference<1.000000>>
ASSIGNEVAL<Location<l:tmp82>, EQUAL<Location<l:var_t3>, Location<l:tmp81>>>
CALLIF0<Location<l:tmp82>, Location<f:IFBODY_72>>
RETURN0<>
BEGINFN<Location<f:WHILE_67>, TypeReference<Primitive<VOID>>>
SCOPEOF<Location<l:CFBWhile>>
ASSIGNVALUE<Location<l:CFBWhile>, BooleanReference<false>>
ASSIGNVALUE<Location<l:var_t3>, Location<l:var_t3>>
ASSIGNVALUE<Location<l:tmp69>, NumberReference<2.000000>>
ASSIGNEVAL<Location<l:tmp70>, EQUAL<Location<l:var_t3>, Location<l:tmp69>>>
CALLIF0<Location<l:tmp70>, Location<f:IFBODY_68>>
CALLELSE0<Location<l:CFBWhile>, Location<f:SUBFUNC_71>>
CALLELSE0<Location<l:CFBWhile>, Location<f:SUBFUNC_83>>
CALLELSE0<Location<l:CFBWhile>, Location<f:WHILECOND_51>>
RETURN0<>
BEGINFN<Location<f:WHILECOND_51>, TypeReference<Primitive<BOOLEAN>>>
ASSIGNVALUE<Location<l:var_t3>, Location<l:var_t3>>
ASSIGNVALUE<Location<l:tmp52>, NumberReference<0.000000>>
ASSIGNEVAL<Location<l:tmp53>, GT<Location<l:var_t3>, Location<l:tmp52>>>
ASSIGNVALUE<Location<l:var_t3>, Location<l:var_t3>>
ASSIGNVALUE<Location<l:tmp54>, NumberReference<1.000000>>
ASSIGNEVAL<Location<l:tmp55>, NEG<Location<l:tmp54>>>
ASSIGNEVAL<Location<l:tmp56>, GTE<Location<l:var_t3>, Location<l:tmp55>>>
ASSIGNEVAL<Location<l:tmp57>, AND<Location<l:tmp53>, Location<l:tmp56>>>
ASSIGNVALUE<Location<s:var_t4>, Location<s:var_t4>>
ASSIGNVALUE<Location<l:tmp58>, StringReference<jinkies>>
ASSIGNEVAL<Location<l:tmp59>, EQUAL<Location<s:var_t4>, Location<l:tmp58>>>
ASSIGNEVAL<Location<l:tmp59>, NOT<Location<l:tmp59>>>
ASSIGNEVAL<Location<l:tmp60>, AND<Location<l:tmp57>, Location<l:tmp59>>>
ASSIGNVALUE<Location<l:var_t3>, Location<l:var_t3>>
ASSIGNVALUE<Location<l:tmp61>, NumberReference<5.000000>>
ASSIGNEVAL<Location<l:tmp62>, LT<Location<l:var_t3>, Location<l:tmp61>>>
ASSIGNEVAL<Location<l:tmp63>, AND<Location<l:tmp60>, Location<l:tmp62>>>
ASSIGNVALUE<Location<l:var_t3>, Location<l:var_t3>>
ASSIGNVALUE<Location<l:tmp64>, NumberReference<4.000000>>
ASSIGNEVAL<Location<l:tmp65>, LTE<Location<l:var_t3>, Location<l:tmp64>>>
ASSIGNEVAL<Location<l:tmp66>, AND<Location<l:tmp63>, Location<l:tmp65>>>
RETURN1<Location<l:tmp66>>
BEGINFN<Location<f:FUNC_119>, TypeReference<Primitive<TYPE>>>
SCOPEOF<Location<l:retVal>>
SCOPEOF<Location<l:CFB>>
ASSIGNVALUE<Location<l:CFB>, BooleanReference<false>>
ASSIGNVALUE<Location<l:CFB>, BooleanReference<true>>
ASSIGNVALUE<Location<l:tmp120>, TypeReference<Primitive<NUMBER>>>
ASSIGNVALUE<Location<l:retVal>, Location<l:tmp120>>
RETURN1<Location<l:retVal>>
BEGINFN<Location<f:FUNC_14>, TypeReference<Primitive<STRING>>>
FNPARAM<TypeReference<Primitive<NUMBER>>, Location<l:arg_arg1>>
SCOPEOF<Location<l:retVal>>
SCOPEOF<Location<l:CFB>>
ASSIGNVALUE<Location<l:CFB>, BooleanReference<false>>
ASSIGNVALUE<Location<l:CFB>, BooleanReference<true>>
ASSIGNVALUE<Location<l:tmp15>, StringReference<hello>>
ASSIGNVALUE<Location<l:retVal>, Location<l:tmp15>>
RETURN1<Location<l:retVal>>
BEGINFN<Location<f:FUNC_21>, TypeReference<Primitive<STRING>>>
FNPARAM<TypeReference<Primitive<NUMBER>>, Location<l:arg_arg1>>
SCOPEOF<Location<l:retVal>>
SCOPEOF<Location<l:CFB>>
ASSIGNVALUE<Location<l:CFB>, BooleanReference<false>>
ASSIGNVALUE<Location<l:CFB>, BooleanReference<true>>
ASSIGNVALUE<Location<l:tmp22>, StringReference<zoinks>>
ASSIGNVALUE<Location<l:retVal>, Location<l:tmp22>>
RETURN1<Location<l:retVal>>
BEGINFN<Location<f:WITH_31>, TypeReference<Primitive<VOID>>>
FNPARAM<Location<l:tmp30>, Location<l:res__>>
ASSIGNVALUE<Location<l:tmp32>, NumberReference<4.000000>>
ASSIGNVALUE<Location<l:tmp33>, NumberReference<1.000000>>
ASSIGNVALUE<Location<l:var_t1>, Location<l:var_t1>>
ENUMSET<Location<l:var_t1>, Location<l:tmp33>, Location<l:tmp32>>
RETURN0<>
BEGINFN<Location<f:SUBFUNC_83>, TypeReference<Primitive<VOID>>>
ASSIGNVALUE<Location<l:var_t3>, Location<l:var_t3>>
ASSIGNVALUE<Location<l:tmp84>, NumberReference<0.100000>>
ASSIGNEVAL<Location<l:tmp85>, PLUS<Location<l:var_t3>, Location<l:tmp84>>>
ASSIGNVALUE<Location<l:var_t3>, Location<l:tmp85>>
ASSIGNVALUE<Location<l:var_t3>, Location<l:var_t3>>
ASSIGNVALUE<Location<l:tmp86>, NumberReference<1.100000>>
ASSIGNEVAL<Location<l:tmp87>, MINUS<Location<l:var_t3>, Location<l:tmp86>>>
ASSIGNVALUE<Location<l:var_t3>, Location<l:tmp87>>
ASSIGNVALUE<Location<l:var_t3>, Location<l:var_t3>>
ASSIGNVALUE<Location<l:tmp88>, NumberReference<1.000000>>
ASSIGNEVAL<Location<l:tmp89>, TIMES<Location<l:var_t3>, Location<l:tmp88>>>
ASSIGNVALUE<Location<l:var_t3>, Location<l:tmp89>>
ASSIGNVALUE<Location<l:var_t3>, Location<l:var_t3>>
ASSIGNVALUE<Location<l:tmp90>, NumberReference<1.000000>>
ASSIGNEVAL<Location<l:tmp91>, DIVIDE<Location<l:var_t3>, Location<l:tmp90>>>
ASSIGNVALUE<Location<l:var_t3>, Location<l:tmp91>>
ASSIGNVALUE<Location<l:var_t3>, Location<l:var_t3>>
ASSIGNVALUE<Location<l:tmp92>, NumberReference<1.000000>>
ASSIGNEVAL<Location<l:tmp93>, POWER<Location<l:var_t3>, Location<l:tmp92>>>
ASSIGNVALUE<Location<l:var_t3>, Location<l:tmp93>>
ASSIGNVALUE<Location<l:var_t3>, Location<l:var_t3>>
ASSIGNVALUE<Location<l:tmp94>, NumberReference<1.000000>>
ASSIGNEVAL<Location<l:tmp95>, MOD<Location<l:var_t3>, Location<l:tmp94>>>
ASSIGNVALUE<Location<l:var_t3>, Location<l:tmp95>>
ASSIGNVALUE<Location<s:var_t4>, Location<s:var_t4>>
ASSIGNVALUE<Location<l:tmp96>, StringReference<s>>
ASSIGNEVAL<Location<l:tmp97>, STRCONCAT<Location<s:var_t4>, Location<l:tmp96>>>
ASSIGNVALUE<Location<s:var_t4>, Location<l:tmp97>>
RETURN0<>
BEGINFN<Location<f:ENUM_25>, TypeReference<Primitive<VOID>>>
FNPARAM<TypeReference<Primitive<NUMBER> :: Primitive<STRING>>, Location<l:arg_joe>>
FNPARAM<TypeReference<Primitive<NUMBER>>, Location<l:UNUSEDarg_idx>>
ASSIGNVALUE<Location<l:var_tag>, Location<l:var_tag>>
ASSIGNVALUE<Location<l:tmp26>, StringReference<mama>>
ASSIGNEVAL<Location<l:tmp27>, CURRY<Location<l:var_tag>, Location<l:tmp26>>>
ASSIGNVALUE<Location<l:tmp28>, StringReference<is a nice woman>>
ASSIGNEVAL<Location<l:tmp29>, CALL1<Location<l:tmp27>, Location<l:tmp28>>>
ASSIGNVALUE<Location<l:tmp30>, TypeReference<Primitive<VOID>>>
WITH<Location<l:tmp29>, Location<f:WITH_31>>
RETURN0<>
BEGINFN<Location<f:WITH_41>, TypeReference<Primitive<VOID>>>
FNPARAM<Location<l:tmp40>, Location<s:res_w>>
ASSIGNVALUE<Location<l:var_log>, Location<l:var_log>>
ASSIGNVALUE<Location<l:tmp42>, StringReference<string>>
CALL1<Location<l:var_log>, Location<l:tmp42>>
RETURN0<>
BEGINFN<Location<f:ENUM_35>, TypeReference<Primitive<VOID>>>
FNPARAM<TypeReference<Primitive<NUMBER> :: Primitive<STRING>>, Location<s:arg_var>>
FNPARAM<TypeReference<Primitive<NUMBER>>, Location<l:UNUSEDarg_idx>>
ASSIGNVALUE<Location<l:var_tag>, Location<l:var_tag>>
ASSIGNVALUE<Location<l:tmp36>, StringReference<tag>>
ASSIGNEVAL<Location<l:tmp37>, CURRY<Location<l:var_tag>, Location<l:tmp36>>>
ASSIGNVALUE<Location<l:tmp38>, StringReference<str>>
ASSIGNEVAL<Location<l:tmp39>, CALL1<Location<l:tmp37>, Location<l:tmp38>>>
ASSIGNVALUE<Location<l:tmp40>, TypeReference<Primitive<VOID>>>
WITH<Location<l:tmp39>, Location<f:WITH_41>>
RETURN0<>
BEGINFN<Location<f:ENUM_44>, TypeReference<Primitive<VOID>>>
FNPARAM<TypeReference<Primitive<NUMBER> :: Primitive<STRING>>, Location<l:arg_v>>
FNPARAM<TypeReference<Primitive<NUMBER>>, Location<l:arg_i>>
RETURN0<>
BEGINFN<Location<f:FUNC_18>, TypeReference<Primitive<STRING>>>
FNPARAM<TypeReference<Primitive<NUMBER>>, Location<l:arg_arg1>>
SCOPEOF<Location<l:retVal>>
SCOPEOF<Location<l:CFB>>
ASSIGNVALUE<Location<l:CFB>, BooleanReference<false>>
ASSIGNVALUE<Location<l:CFB>, BooleanReference<true>>
ASSIGNVALUE<Location<l:tmp19>, StringReference<goodbye>>
ASSIGNVALUE<Location<l:retVal>, Location<l:tmp19>>
RETURN1<Location<l:retVal>>
BEGINFN<Location<f:ENUM_46>, TypeReference<Primitive<VOID>>>
FNPARAM<TypeReference<Primitive<NUMBER> :: Primitive<STRING>>, Location<s:arg_v>>
FNPARAM<TypeReference<Primitive<NUMBER>>, Location<l:arg_i>>
RETURN0<>
BEGINFN<Location<f:FUNC_0>, TypeReference<RESOURCE<Primitive<VOID>>>>
FNPARAM<TypeReference<Primitive<STRING>>, Location<l:arg_s>>
FNPARAM<TypeReference<Primitive<STRING>>, Location<l:arg_s2>>
SCOPEOF<Location<l:retVal>>
SCOPEOF<Location<l:CFB>>
ASSIGNVALUE<Location<l:CFB>, BooleanReference<false>>
RETURN1<Location<l:retVal>>
BEGINFN<Location<f:ENUM_50>, TypeReference<Primitive<VOID>>>
FNPARAM<TypeReference<Primitive<NUMBER> :: Primitive<STRING>>, Location<s:arg_v>>
FNPARAM<TypeReference<Primitive<NUMBER>>, Location<s:arg_i>>
RETURN0<>
BEGINFN<Location<f:IFBODY_68>, TypeReference<Primitive<VOID>>>
ASSIGNEVAL<Location<l:whileCond>, CALL0<Location<f:WHILECOND_51>>>
ASSIGNVALUE<Location<l:CFBWhile>, BooleanReference<true>>
RETURN0<>
BEGINFN<Location<f:FUNC_2>, TypeReference<Primitive<VOID>>>
FNPARAM<TypeReference<Primitive<STRING>>, Location<l:arg_s>>
SCOPEOF<Location<l:CFB>>
ASSIGNVALUE<Location<l:CFB>, BooleanReference<false>>
RETURN0<>
BEGINFN<Location<f:ENUM_48>, TypeReference<Primitive<VOID>>>
FNPARAM<TypeReference<Primitive<NUMBER> :: Primitive<STRING>>, Location<l:arg_v>>
FNPARAM<TypeReference<Primitive<NUMBER>>, Location<s:arg_i>>
RETURN0<>
ASSIGNVALUE<Location<l:tmp1>, Location<f:FUNC_0>>
ASSIGNVALUE<Location<l:var_tag>, Location<l:tmp1>>
ASSIGNVALUE<Location<l:tmp3>, Location<f:FUNC_2>>
ASSIGNVALUE<Location<l:var_log>, Location<l:tmp3>>
ASSIGNEVAL<Location<l:tmp4>, ENUMINIT<TypeReference<Primitive<NUMBER>>>>
ASSIGNVALUE<Location<l:tmp5>, NumberReference<1.000000>>
ENUMAPPEND<Location<l:tmp5>, Location<l:tmp4>>
ASSIGNVALUE<Location<l:tmp6>, NumberReference<2.000000>>
ENUMAPPEND<Location<l:tmp6>, Location<l:tmp4>>
ASSIGNVALUE<Location<l:tmp7>, NumberReference<3.000000>>
ENUMAPPEND<Location<l:tmp7>, Location<l:tmp4>>
ASSIGNVALUE<Location<l:tmp4>, Location<l:tmp4>>
ASSIGNVALUE<Location<l:var_t1>, Location<l:tmp4>>
ASSIGNEVAL<Location<l:tmp8>, ENUMINIT<TypeReference<ENUMERABLE<Primitive<STRING>>>>>
ASSIGNVALUE<Location<l:tmp8>, Location<l:tmp8>>
ASSIGNVALUE<Location<s:var_t2>, Location<l:tmp8>>
ASSIGNVALUE<Location<l:tmp9>, NumberReference<4.000000>>
ASSIGNVALUE<Location<l:var_t3>, Location<l:tmp9>>
ASSIGNVALUE<Location<l:tmp10>, StringReference<zoinks>>
ASSIGNVALUE<Location<s:var_t4>, Location<l:tmp10>>
ASSIGNEVAL<Location<l:tmp11>, MAPINIT<TypeReference<Primitive<NUMBER> :: Primitive<NUMBER>>>>
ASSIGNVALUE<Location<l:tmp11>, Location<l:tmp11>>
ASSIGNVALUE<Location<l:var_t5>, Location<l:tmp11>>
ASSIGNEVAL<Location<l:tmp12>, MAPINIT<TypeReference<ENUMERABLE<Primitive<NUMBER> :: Primitive<STRING>>>>>
ASSIGNEVAL<Location<l:tmp13>, ENUMINIT<TypeReference<Primitive<NUMBER> :: Primitive<STRING>>>>
ASSIGNVALUE<Location<l:tmp16>, Location<f:FUNC_14>>
ENUMAPPEND<Location<l:tmp16>, Location<l:tmp13>>
ASSIGNVALUE<Location<l:tmp13>, Location<l:tmp13>>
MAPSET<Location<l:mkey_a>, Location<l:tmp13>, Location<l:tmp12>>
ASSIGNEVAL<Location<l:tmp17>, ENUMINIT<TypeReference<Primitive<NUMBER> :: Primitive<STRING>>>>
ASSIGNVALUE<Location<l:tmp20>, Location<f:FUNC_18>>
ENUMAPPEND<Location<l:tmp20>, Location<l:tmp17>>
ASSIGNVALUE<Location<l:tmp23>, Location<f:FUNC_21>>
ENUMAPPEND<Location<l:tmp23>, Location<l:tmp17>>
ASSIGNVALUE<Location<l:tmp17>, Location<l:tmp17>>
MAPSET<Location<l:mkey_b>, Location<l:tmp17>, Location<l:tmp12>>
ASSIGNVALUE<Location<l:tmp12>, Location<l:tmp12>>
ASSIGNVALUE<Location<s:var_t6>, Location<l:tmp12>>
ASSIGNVALUE<Location<s:var_t6>, Location<s:var_t6>>
ASSIGNEVAL<Location<l:tmp24>, MAPGET<Location<l:mkey_b>, Location<s:var_t6>>>
ENUMERATE<TypeReference<Primitive<NUMBER> :: Primitive<STRING>>, Location<l:tmp24>, Location<f:ENUM_25>>
ASSIGNVALUE<Location<s:var_t6>, Location<s:var_t6>>
ASSIGNEVAL<Location<l:tmp34>, MAPGET<Location<l:mkey_b>, Location<s:var_t6>>>
ENUMERATE<TypeReference<Primitive<NUMBER> :: Primitive<STRING>>, Location<l:tmp34>, Location<f:ENUM_35>>
ASSIGNVALUE<Location<s:var_t6>, Location<s:var_t6>>
ASSIGNEVAL<Location<l:tmp43>, MAPGET<Location<l:mkey_b>, Location<s:var_t6>>>
ENUMERATE<TypeReference<Primitive<NUMBER> :: Primitive<STRING>>, Location<l:tmp43>, Location<f:ENUM_44>>
ASSIGNVALUE<Location<s:var_t6>, Location<s:var_t6>>
ASSIGNEVAL<Location<l:tmp45>, MAPGET<Location<l:mkey_b>, Location<s:var_t6>>>
ENUMERATE<TypeReference<Primitive<NUMBER> :: Primitive<STRING>>, Location<l:tmp45>, Location<f:ENUM_46>>
ASSIGNVALUE<Location<s:var_t6>, Location<s:var_t6>>
ASSIGNEVAL<Location<l:tmp47>, MAPGET<Location<l:mkey_b>, Location<s:var_t6>>>
ENUMERATE<TypeReference<Primitive<NUMBER> :: Primitive<STRING>>, Location<l:tmp47>, Location<f:ENUM_48>>
ASSIGNVALUE<Location<s:var_t6>, Location<s:var_t6>>
ASSIGNEVAL<Location<l:tmp49>, MAPGET<Location<l:mkey_b>, Location<s:var_t6>>>
ENUMERATE<TypeReference<Primitive<NUMBER> :: Primitive<STRING>>, Location<l:tmp49>, Location<f:ENUM_50>>
ASSIGNVALUE<Location<l:whileCond>, BooleanReference<false>>
ASSIGNEVAL<Location<l:whileCond>, CALL0<Location<f:WHILECOND_51>>>
WHILE<Location<l:whileCond>, Location<f:WHILE_67>>
ASSIGNVALUE<Location<l:tmp98>, NumberReference<1.000000>>
ASSIGNVALUE<Location<l:tmp99>, NumberReference<2.000000>>
ASSIGNVALUE<Location<l:tmp100>, NumberReference<3.000000>>
ASSIGNEVAL<Location<l:tmp101>, MINUS<Location<l:tmp99>, Location<l:tmp100>>>
ASSIGNVALUE<Location<l:tmp102>, NumberReference<4.000000>>
ASSIGNEVAL<Location<l:tmp103>, NEG<Location<l:tmp102>>>
ASSIGNEVAL<Location<l:tmp104>, DIVIDE<Location<l:tmp101>, Location<l:tmp103>>>
ASSIGNVALUE<Location<l:tmp105>, NumberReference<1.000000>>
ASSIGNVALUE<Location<l:tmp106>, NumberReference<5.000000>>
ASSIGNEVAL<Location<l:tmp107>, POWER<Location<l:tmp105>, Location<l:tmp106>>>
ASSIGNEVAL<Location<l:tmp108>, MOD<Location<l:tmp104>, Location<l:tmp107>>>
ASSIGNEVAL<Location<l:tmp109>, PLUS<Location<l:tmp98>, Location<l:tmp108>>>
ASSIGNVALUE<Location<l:var_t3>, Location<l:tmp109>>
ASSIGNVALUE<Location<l:tmp110>, BooleanReference<true>>
ASSIGNVALUE<Location<l:var_t7>, Location<l:tmp110>>
ASSIGNVALUE<Location<l:var_t7>, Location<l:var_t7>>
ASSIGNVALUE<Location<l:tmp111>, BooleanReference<false>>
ASSIGNEVAL<Location<l:tmp112>, AND<Location<l:var_t7>, Location<l:tmp111>>>
ASSIGNVALUE<Location<l:var_t7>, Location<l:tmp112>>
ASSIGNVALUE<Location<l:var_t7>, Location<l:var_t7>>
ASSIGNVALUE<Location<l:tmp113>, BooleanReference<true>>
ASSIGNEVAL<Location<l:tmp114>, OR<Location<l:var_t7>, Location<l:tmp113>>>
ASSIGNVALUE<Location<l:var_t7>, Location<l:tmp114>>
ASSIGNVALUE<Location<s:var_t4>, Location<s:var_t4>>
ASSIGNVALUE<Location<s:var_t4>, Location<s:var_t4>>
ASSIGNEVAL<Location<l:tmp115>, STRCONCAT<Location<s:var_t4>, Location<s:var_t4>>>
ASSIGNVALUE<Location<s:var_t4>, Location<l:tmp115>>
ASSIGNVALUE<Location<l:tmp118>, Location<f:FUNC_116>>
ASSIGNVALUE<Location<l:var_t8>, Location<l:tmp118>>
ASSIGNVALUE<Location<l:tmp121>, Location<f:FUNC_119>>
ASSIGNVALUE<Location<s:var_t9>, Location<l:tmp121>>
ASSIGNVALUE<Location<l:var_t8>, Location<l:var_t8>>
ASSIGNVALUE<Location<l:tmp122>, NumberReference<6.000000>>
ASSIGNEVAL<Location<l:tmp123>, CURRY<Location<l:var_t8>, Location<l:tmp122>>>
ASSIGNVALUE<Location<l:tmp124>, TypeReference<Primitive<TYPE>>>
ASSIGNEVAL<Location<l:tmp125>, CALL1<Location<l:tmp123>, Location<l:tmp124>>>
ASSIGNVALUE<Location<l:var_t10>, Location<l:tmp125>>
ASSIGNVALUE<Location<s:var_t9>, Location<s:var_t9>>
ASSIGNEVAL<Location<l:tmp126>, CALL0<Location<s:var_t9>>>
ASSIGNVALUE<Location<l:var_t10>, Location<l:tmp126>>
ASSIGNVALUE<Location<l:tmp131>, Location<f:FUNC_127>>
ASSIGNEVAL<Location<l:tmp132>, CALL0<Location<l:tmp131>>>
ASSIGNVALUE<Location<l:var_t8>, Location<l:tmp132>>
ASSIGNVALUE<Location<l:var_t8>, Location<l:var_t8>>
ASSIGNVALUE<Location<l:tmp133>, NumberReference<69.000000>>
ASSIGNEVAL<Location<l:tmp134>, CURRY<Location<l:var_t8>, Location<l:tmp133>>>
ASSIGNVALUE<Location<l:var_t11>, Location<l:tmp134>>
ASSIGNVALUE<Location<l:var_t8>, Location<l:var_t8>>
ASSIGNVALUE<Location<l:tmp135>, NumberReference<420.000000>>
ASSIGNEVAL<Location<l:tmp136>, CURRY<Location<l:var_t8>, Location<l:tmp135>>>
ASSIGNVALUE<Location<l:tmp137>, TypeReference<Primitive<TYPE>>>
ASSIGNEVAL<Location<l:tmp138>, CALL1<Location<l:tmp136>, Location<l:tmp137>>>
ASSIGNVALUE<Location<l:var_t12>, Location<l:tmp138>>
[32m success [39m[0m[main] Compiled to ISA.
