[1m[31m[Type Error] [39m[22m[0m[1m[l: 3, c: 1] [22m[0mAttempted to reassign variable of type TYPE
[0m[1m[31m[Type Error] [39m[22m[0m[1m[l: 8, c: 1] [22m[0mAttempted to reassign variable of type TYPE
[0m[1m[31m[Type Error] [39m[22m[0m[1m[l: 13, c: 1] [22m[0mAttempted to reassign variable of type TYPE
[0m[1m[31m[Type Error] [39m[22m[0m[1m[l: 19, c: 1] [22m[0mAttempted to reassign variable of type TYPE
[0m