NUMBER [l: 1, c: 1]->[l: 1, c: 7]
ID [l: 1, c: 8]->[l: 1, c: 13]
ASSIGN [l: 1, c: 14]->[l: 1, c: 15]
NUMBERLITERAL [l: 1, c: 16]->[l: 1, c: 17]
ADD [l: 1, c: 18]->[l: 1, c: 19]
NUMBERLITERAL [l: 1, c: 20]->[l: 1, c: 21]
SEMICOLON [l: 1, c: 21]->[l: 1, c: 22]
ID [l: 2, c: 1]->[l: 2, c: 6]
ASSIGN [l: 2, c: 7]->[l: 2, c: 8]
NUMBERLITERAL [l: 2, c: 9]->[l: 2, c: 10]
SUBTRACT [l: 2, c: 11]->[l: 2, c: 12]
NUMBERLITERAL [l: 2, c: 13]->[l: 2, c: 14]
SEMICOLON [l: 2, c: 14]->[l: 2, c: 15]
ID [l: 3, c: 1]->[l: 3, c: 6]
ASSIGN [l: 3, c: 7]->[l: 3, c: 8]
NUMBERLITERAL [l: 3, c: 9]->[l: 3, c: 10]
MULTIPLY [l: 3, c: 11]->[l: 3, c: 12]
NUMBERLITERAL [l: 3, c: 13]->[l: 3, c: 14]
SEMICOLON [l: 3, c: 14]->[l: 3, c: 15]
ID [l: 4, c: 1]->[l: 4, c: 6]
ASSIGN [l: 4, c: 7]->[l: 4, c: 8]
NUMBERLITERAL [l: 4, c: 9]->[l: 4, c: 10]
DIVIDE [l: 4, c: 11]->[l: 4, c: 12]
NUMBERLITERAL [l: 4, c: 13]->[l: 4, c: 14]
SEMICOLON [l: 4, c: 14]->[l: 4, c: 15]
ID [l: 5, c: 1]->[l: 5, c: 6]
ASSIGN [l: 5, c: 7]->[l: 5, c: 8]
NUMBERLITERAL [l: 5, c: 9]->[l: 5, c: 10]
MODULUS [l: 5, c: 11]->[l: 5, c: 12]
NUMBERLITERAL [l: 5, c: 13]->[l: 5, c: 14]
SEMICOLON [l: 5, c: 14]->[l: 5, c: 15]
ID [l: 6, c: 1]->[l: 6, c: 6]
ASSIGN [l: 6, c: 7]->[l: 6, c: 8]
NUMBERLITERAL [l: 6, c: 9]->[l: 6, c: 10]
POWER [l: 6, c: 11]->[l: 6, c: 12]
NUMBERLITERAL [l: 6, c: 13]->[l: 6, c: 14]
SEMICOLON [l: 6, c: 14]->[l: 6, c: 15]
ID [l: 7, c: 1]->[l: 7, c: 6]
ADDASSIGN [l: 7, c: 7]->[l: 7, c: 9]
NUMBERLITERAL [l: 7, c: 10]->[l: 7, c: 11]
SEMICOLON [l: 7, c: 11]->[l: 7, c: 12]
ID [l: 8, c: 1]->[l: 8, c: 6]
MULTIPLYASSIGN [l: 8, c: 7]->[l: 8, c: 9]
NUMBERLITERAL [l: 8, c: 10]->[l: 8, c: 11]
SEMICOLON [l: 8, c: 11]->[l: 8, c: 12]
IF [l: 10, c: 1]->[l: 10, c: 3]
LPAREN [l: 10, c: 4]->[l: 10, c: 5]
ID [l: 10, c: 6]->[l: 10, c: 11]
EQUAL [l: 10, c: 12]->[l: 10, c: 14]
NUMBERLITERAL [l: 10, c: 15]->[l: 10, c: 16]
RPAREN [l: 10, c: 17]->[l: 10, c: 18]
LBRACE [l: 10, c: 19]->[l: 10, c: 20]
RBRACE [l: 12, c: 1]->[l: 12, c: 2]
IF [l: 14, c: 1]->[l: 14, c: 3]
LPAREN [l: 14, c: 4]->[l: 14, c: 5]
ID [l: 14, c: 6]->[l: 14, c: 11]
NOTEQUAL [l: 14, c: 12]->[l: 14, c: 14]
NUMBERLITERAL [l: 14, c: 15]->[l: 14, c: 16]
RPAREN [l: 14, c: 17]->[l: 14, c: 18]
LBRACE [l: 14, c: 19]->[l: 14, c: 20]
RBRACE [l: 16, c: 1]->[l: 16, c: 2]
EOF