ProgramNode<#body: 6>
  VariableDeclarationNode<name: a>
    PrimitiveTypeNode<of: TSTRING, shared: false>
    StringLiteralExpressionNode<#value: ''>
  VariableDeclarationNode<name: b>
    PrimitiveTypeNode<of: TNUM, shared: false>
    CallExpressionNode<id: min, #args: 2>
      NumberLiteralExpressionNode<#value: 0.000000>
      NumberLiteralExpressionNode<#value: 0.000000>
  VariableDeclarationNode<name: c>
    PrimitiveTypeNode<of: TBOOL, shared: false>
    BoolLiteralNode<of: 1>
  VariableDeclarationNode<name: d>
    EnumerableTypeNode<of: PrimitiveTypeNode<of: TBOOL, shared: false>, shared: false>
    EnumerationLiteralExpressionNode<#actuals: 1>
      BoolLiteralNode<of: 1>
  VariableDeclarationNode<name: e>
    MapTypeNode<of: PrimitiveTypeNode<of: TNUM, shared: false>, shared: false>
    MapNode<#body: 1>
      MapStatementNode<id: abc>
        NumberLiteralExpressionNode<#value: 123.000000>
  VariableDeclarationNode<name: f>
    EnumerableTypeNode<of: MapTypeNode<of: PrimitiveTypeNode<of: TSTRING, shared: false>, shared: false>, shared: false>
    EnumerationLiteralExpressionNode<#actuals: 1>
      MapNode<#body: 1>
        MapStatementNode<id: abc>
          StringLiteralExpressionNode<#value: '123'>
[32m[SUCCESS] [0mParsed input program.
[0m