ProgramNode<#body: 6>
  VariableDeclarationNode<name: a>
    PrimitiveTypeNode<of: TSTRING>
    StringLiteralExpressionNode<#value: 41>
  VariableDeclarationNode<name: b>
    PrimitiveTypeNode<of: TNUM>
    CallExpressionNode<id: zero, #args: 0>
  VariableDeclarationNode<name: c>
    PrimitiveTypeNode<of: TBOOL>
    BoolLiteralNode<of: 1>
  VariableDeclarationNode<name: d>
    EnumerableTypeNode<of: PrimitiveTypeNode<of: TBOOL>>
    EnumerationLiteralExpressionNode<#actuals: 0>
  VariableDeclarationNode<name: e>
    MapTypeNode<of: PrimitiveTypeNode<of: TNUM>>
    MapNode<#body: 0>
  VariableDeclarationNode<name: f>
    EnumerableTypeNode<of: MapTypeNode<of: PrimitiveTypeNode<of: TSTRING>>>
    MapNode<#body: 0>
[32m[SUCCESS] [0mParsed input program.
[0m