ProgramNode<#body: 6>
  VariableDeclarationNode<name: a>
    PrimitiveTypeNode<of: TSTRING>
    StringLiteralExpressionNode<#value: ''>
  VariableDeclarationNode<name: b>
    PrimitiveTypeNode<of: TNUM>
    CallExpressionNode<id: zero, #args: 0>
  VariableDeclarationNode<name: c>
    PrimitiveTypeNode<of: TBOOL>
    BoolLiteralNode<of: 1>
  VariableDeclarationNode<name: d>
    EnumerableTypeNode<of: PrimitiveTypeNode<of: TBOOL>>
    EnumerationLiteralExpressionNode<#actuals: 1>
      BoolLiteralNode<of: 1>
  VariableDeclarationNode<name: e>
    MapTypeNode<of: PrimitiveTypeNode<of: TNUM>>
    MapNode<#body: 1>
      MapStatementNode<id: abc>
        NumberLiteralExpressionNode<#value: 123.000000>
  VariableDeclarationNode<name: f>
    EnumerableTypeNode<of: MapTypeNode<of: PrimitiveTypeNode<of: TSTRING>>>
    EnumerationLiteralExpressionNode<#actuals: 1>
      MapNode<#body: 1>
        MapStatementNode<id: abc>
          StringLiteralExpressionNode<#value: '123'>
[SUCCESS] Parsed input program.