ProgramNode<#body: 3>
  VariableDeclarationNode<name: myTrue>
    PrimitiveTypeNode<of: TBOOL, shared: false>
    AndNode<>
      OrNode<>
        BoolLiteralNode<of: 1>
        BoolLiteralNode<of: 0>
      BoolLiteralNode<of: 1>
  VariableDeclarationNode<name: myFalse>
    PrimitiveTypeNode<of: TBOOL, shared: false>
    OrNode<>
      BoolLiteralNode<of: 0>
      AndNode<>
        IdentifierNode<name: myTrue>
        BoolLiteralNode<of: 0>
  ExpressionStatementNode<AssignExpressionNode<lval: IdentifierNode<name: myTrue>>>
    AssignExpressionNode<lval: IdentifierNode<name: myTrue>>
      OrNode<>
        OrNode<>
          IdentifierNode<name: myTrue>
          BoolLiteralNode<of: 0>
        IdentifierNode<name: myFalse>
[32m[SUCCESS] [0mParsed input program.
[0m